// Jest Snapshot v1, https://goo.gl/fbAQLP

exports[`renders without crashing 1`] = `
<div
  className="profile-card"
  style={
    Object {
      "backgroundImage": "linear-gradient(298deg, #333333, #003439)",
    }
  }
>
  <div
    className="profile-card-inner"
  >
    <div
      className="image-container"
    >
      <div
        className="image"
        style={
          Object {
            "backgroundImage": "url()",
          }
        }
      />
    </div>
    <div
      className="text-container"
      style={
        Object {
          "color": "#FFF",
        }
      }
    >
      <span
        className="title"
      >
        Sales & Business Development
      </span>
      <span
        className="name"
      >
        Cecilia Ydremark
      </span>
      <span
        className="text"
      >
        Lorem ipsum dolor sit amet, consectetuer adipiscing elit. Donec odio. Quisque volutpat mattis eros. Nullam malesuada erat ut turpis. Suspendisse urna nibh, viverra non, semper suscipit, posuere a, pede.
      </span>
      <div
        className="button-container"
      >
        <a
          className="root profile-button"
          disabled={false}
          href="mailto:example@glomo.se"
          onBlur={[Function]}
          onFocus={[Function]}
          onMouseDown={[Function]}
          onMouseEnter={[Function]}
          onMouseLeave={[Function]}
          onMouseUp={[Function]}
          onTouchEnd={[Function]}
          onTouchMove={[Function]}
          onTouchStart={[Function]}
          style={
            Object {
              "backgroundColor": "transparent",
              "border": "2px solid #FFF",
              "color": "#FFF",
              "letterSpacing": "3px",
              "padding": "8px 28.92008725603475px",
            }
          }
        >
          <span
            className="label"
          >
            email Cecilia
          </span>
        </a>
        <a
          className="root profile-button"
          disabled={false}
          href="tel:+46 76 123 45 67"
          onBlur={[Function]}
          onFocus={[Function]}
          onMouseDown={[Function]}
          onMouseEnter={[Function]}
          onMouseLeave={[Function]}
          onMouseUp={[Function]}
          onTouchEnd={[Function]}
          onTouchMove={[Function]}
          onTouchStart={[Function]}
          style={
            Object {
              "backgroundColor": "#FFF",
              "border": "2px solid #FFF",
              "color": "#333333",
              "padding": "8px 28.92008725603475px",
            }
          }
        >
          <span
            className="label"
          >
            +46 76 123 45 67
          </span>
        </a>
      </div>
    </div>
  </div>
</div>
`;
